2025-02-23 14:19:42,184 - INFO - test_function_with_file_logging started. Inputs: args=(), kwargs={}
2025-02-23 14:19:42,184 - INFO - test_function_with_file_logging ok. Result: File logging
2025-02-23 14:19:42,256 - INFO - test_function_with_file_logging started. Inputs: args=(), kwargs={}
2025-02-23 14:19:42,257 - INFO - test_function_with_file_logging ok. Result: File logging
2025-02-23 14:21:48,668 - INFO - test_function_with_file_logging started. Inputs: args=(), kwargs={}
2025-02-23 14:21:48,668 - INFO - test_function_with_file_logging ok. Result: File logging
2025-02-23 14:21:48,697 - INFO - test_function_with_file_logging started. Inputs: args=(), kwargs={}
2025-02-23 14:21:48,697 - INFO - test_function_with_file_logging ok. Result: File logging
2025-02-23 14:26:35,005 - INFO - test_function_with_file_logging started. Inputs: args=(), kwargs={}
2025-02-23 14:26:35,005 - INFO - test_function_with_file_logging ok. Result: File logging
2025-02-23 14:26:35,034 - INFO - test_function_with_file_logging started. Inputs: args=(), kwargs={}
2025-02-23 14:26:35,034 - INFO - test_function_with_file_logging ok. Result: File logging
2025-02-23 14:27:05,188 - INFO - test_function_with_file_logging started. Inputs: args=(), kwargs={}
2025-02-23 14:27:05,189 - INFO - test_function_with_file_logging ok. Result: File logging
2025-02-23 14:27:05,233 - INFO - test_function_with_file_logging started. Inputs: args=(), kwargs={}
2025-02-23 14:27:05,233 - INFO - test_function_with_file_logging ok. Result: File logging
2025-02-23 14:38:25,554 - INFO - test_function_with_file_logging started. Inputs: args=(), kwargs={}
2025-02-23 14:38:25,554 - INFO - test_function_with_file_logging ok. Result: File logging
2025-02-23 14:38:25,592 - INFO - test_function_with_file_logging started. Inputs: args=(), kwargs={}
2025-02-23 14:38:25,592 - INFO - test_function_with_file_logging ok. Result: File logging
2025-02-23 14:44:46,026 - INFO - test_function_with_file_logging started. Inputs: args=(), kwargs={}
2025-02-23 14:44:46,026 - INFO - test_function_with_file_logging ok. Result: File logging
2025-02-23 14:44:46,058 - INFO - test_function_with_file_logging started. Inputs: args=(), kwargs={}
2025-02-23 14:44:46,058 - INFO - test_function_with_file_logging ok. Result: File logging
2025-02-23 16:09:14,049 - INFO - test_function_with_file_logging started. Inputs: args=(), kwargs={}
2025-02-23 16:09:14,049 - INFO - test_function_with_file_logging ok. Result: File logging
2025-02-23 16:09:14,084 - INFO - test_function_with_file_logging started. Inputs: args=(), kwargs={}
2025-02-23 16:09:14,084 - INFO - test_function_with_file_logging ok. Result: File logging
2025-02-23 16:15:05 - test_function_with_file_logging started. Inputs: args=(), kwargs={}
2025-02-23 16:15:05 - test_function_with_file_logging ok. Result: File logging
2025-02-23 16:20:04 - test_function_with_file_logging started. Inputs: args=(), kwargs={}
2025-02-23 16:20:04 - test_function_with_file_logging ok. Result: File logging
2025-02-23 16:24:15 - test_function_with_file_logging started. Inputs: args=(), kwargs={}
2025-02-23 16:24:15 - test_function_with_file_logging ok. Result: File logging
2025-02-23 17:34:48,021 - test_function_with_file_logging - INFO - test_function_with_file_logging started. Inputs: args=(), kwargs={}
2025-02-23 17:34:48,021 - test_function_with_file_logging - INFO - test_function_with_file_logging ok. Result: File logging
